AR wait_memwb behavioral C:/Users/fatih/Desktop/faks/ra/mips/wait_memwb.vhd sub00/vhpl41 1529854397
AR wait_ifid_idex behavioral C:/Users/fatih/Desktop/faks/ra/mips/wait_ifid_idex.vhd sub00/vhpl31 1529859043
AR test_bench_vhd behavior C:/Users/fatih/Desktop/faks/ra/mips/test_bench.vhd sub00/vhpl37 1529860328
AR preg_ifid behavioral C:/Users/fatih/Desktop/faks/ra/mips/preg_ifid.vhd sub00/vhpl09 1526500344
EN mux_pc NULL C:/Users/fatih/Desktop/faks/ra/mips/mux_pc.vhd sub00/vhpl06 1526500341
AR glavna_komponenta behavioral C:/Users/fatih/Desktop/faks/ra/mips/glavna_komponenta.vhd sub00/vhpl35 1529860326
EN mux_a NULL C:/Users/fatih/Desktop/faks/ra/mips/mux_a.vhd sub00/vhpl16 1529792855
EN mux_b NULL C:/Users/fatih/Desktop/faks/ra/mips/mux_b.vhd sub00/vhpl18 1529792857
EN glavna_komponenta NULL C:/Users/fatih/Desktop/faks/ra/mips/glavna_komponenta.vhd sub00/vhpl34 1529860325
EN increment NULL C:/Users/fatih/Desktop/faks/ra/mips/increment.vhd sub00/vhpl04 1526500339
AR wait_exmem_memwb behavioral C:/Users/fatih/Desktop/faks/ra/mips/wait_exmem_memwb.vhd sub00/vhpl33 1526500368
EN wait_ifid_idex NULL C:/Users/fatih/Desktop/faks/ra/mips/wait_ifid_idex.vhd sub00/vhpl30 1529859042
AR mux_mem_data_in behavioral C:/Users/fatih/Desktop/faks/ra/mips/mux_mem_data_in.vhd sub00/vhpl39 1529792860
AR preg_idex behavioral C:/Users/fatih/Desktop/faks/ra/mips/preg_idex.vhd sub00/vhpl15 1529848152
EN mux_wb NULL C:/Users/fatih/Desktop/faks/ra/mips/mux_wb.vhd sub00/vhpl28 1526500363
EN test_bench_vhd NULL C:/Users/fatih/Desktop/faks/ra/mips/test_bench.vhd sub00/vhpl36 1529860327
AR mux_a behavioral C:/Users/fatih/Desktop/faks/ra/mips/mux_a.vhd sub00/vhpl17 1529792856
EN pc NULL C:/Users/fatih/Desktop/faks/ra/mips/pc.vhd sub00/vhpl00 1526500335
AR vanjska_mem_instr behavioral C:/Users/fatih/Desktop/faks/ra/mips/vanjska_mem_instr.vhd sub00/vhpl03 1529860324
AR mux_wb behavioral C:/Users/fatih/Desktop/faks/ra/mips/mux_wb.vhd sub00/vhpl29 1526500364
AR vanjska_mem_podaci behavioral C:/Users/fatih/Desktop/faks/ra/mips/vanjska_mem_podaci.vhd sub00/vhpl25 1529856975
AR sign_extend behavioral C:/Users/fatih/Desktop/faks/ra/mips/sign_extend.vhd sub00/vhpl13 1526500348
AR mux_pc behavioral C:/Users/fatih/Desktop/faks/ra/mips/mux_pc.vhd sub00/vhpl07 1526500342
AR preg_exmem behavioral C:/Users/fatih/Desktop/faks/ra/mips/preg_exmem.vhd sub00/vhpl23 1526500358
EN wait_memwb NULL C:/Users/fatih/Desktop/faks/ra/mips/wait_memwb.vhd sub00/vhpl40 1529854396
EN preg_exmem NULL C:/Users/fatih/Desktop/faks/ra/mips/preg_exmem.vhd sub00/vhpl22 1526500357
AR increment behavioral C:/Users/fatih/Desktop/faks/ra/mips/increment.vhd sub00/vhpl05 1526500340
EN preg_memwb NULL C:/Users/fatih/Desktop/faks/ra/mips/preg_memwb.vhd sub00/vhpl26 1529855849
EN vanjska_mem_podaci NULL C:/Users/fatih/Desktop/faks/ra/mips/vanjska_mem_podaci.vhd sub00/vhpl24 1529856974
EN preg_idex NULL C:/Users/fatih/Desktop/faks/ra/mips/preg_idex.vhd sub00/vhpl14 1529848151
EN mux_mem_data_in NULL C:/Users/fatih/Desktop/faks/ra/mips/mux_mem_data_in.vhd sub00/vhpl38 1529792859
EN sign_extend NULL C:/Users/fatih/Desktop/faks/ra/mips/sign_extend.vhd sub00/vhpl12 1526500347
AR preg_memwb behavioral C:/Users/fatih/Desktop/faks/ra/mips/preg_memwb.vhd sub00/vhpl27 1529855850
AR mux_b behavioral C:/Users/fatih/Desktop/faks/ra/mips/mux_b.vhd sub00/vhpl19 1529792858
EN vanjska_mem_instr NULL C:/Users/fatih/Desktop/faks/ra/mips/vanjska_mem_instr.vhd sub00/vhpl02 1529860323
EN wait_exmem_memwb NULL C:/Users/fatih/Desktop/faks/ra/mips/wait_exmem_memwb.vhd sub00/vhpl32 1526500367
AR registri behavioral C:/Users/fatih/Desktop/faks/ra/mips/registri.vhd sub00/vhpl11 1529851041
AR alu behave C:/Users/fatih/Desktop/faks/ra/mips/alu.vhd sub00/vhpl21 1526500356
EN registri NULL C:/Users/fatih/Desktop/faks/ra/mips/registri.vhd sub00/vhpl10 1529851040
AR pc behavioral C:/Users/fatih/Desktop/faks/ra/mips/pc.vhd sub00/vhpl01 1526500336
EN alu NULL C:/Users/fatih/Desktop/faks/ra/mips/alu.vhd sub00/vhpl20 1526500355
EN preg_ifid NULL C:/Users/fatih/Desktop/faks/ra/mips/preg_ifid.vhd sub00/vhpl08 1526500343
