AR shifter behavioral "C:/Users/Fatih Zukorlic/Desktop/finalnofz/procesor/shifter.vhd" sub00/vhpl17 1518209388
AR sklop behavioral "C:/Users/Fatih Zukorlic/Desktop/finalnofz/procesor/sklop.vhd" sub00/vhpl25 1518209396
AR mmux behavioral "C:/Users/Fatih Zukorlic/Desktop/finalnofz/procesor/mmux.vhd" sub00/vhpl07 1518209378
AR amux behavioral "C:/Users/Fatih Zukorlic/Desktop/finalnofz/procesor/amux.vhd" sub00/vhpl13 1518209384
EN sklop NULL "C:/Users/Fatih Zukorlic/Desktop/finalnofz/procesor/sklop.vhd" sub00/vhpl24 1518209395
AR alu behavioral "C:/Users/Fatih Zukorlic/Desktop/finalnofz/procesor/alu.vhd" sub00/vhpl15 1518209386
EN mar NULL "C:/Users/Fatih Zukorlic/Desktop/finalnofz/procesor/mar.vhd" sub00/vhpl18 1518209389
AR clkdistrib behavioral "C:/Users/Fatih Zukorlic/Desktop/finalnofz/procesor/clkdistrib.vhd" sub00/vhpl01 1518209372
EN mbr NULL "C:/Users/Fatih Zukorlic/Desktop/finalnofz/procesor/mbr.vhd" sub00/vhpl20 1518209391
AR vanjskamem behavioral "C:/Users/Fatih Zukorlic/Desktop/finalnofz/procesor/vanjskamem.vhd" sub00/vhpl23 1518209394
AR mar behavioral "C:/Users/Fatih Zukorlic/Desktop/finalnofz/procesor/mar.vhd" sub00/vhpl19 1518209390
EN mmux NULL "C:/Users/Fatih Zukorlic/Desktop/finalnofz/procesor/mmux.vhd" sub00/vhpl06 1518209377
EN clkdistrib NULL "C:/Users/Fatih Zukorlic/Desktop/finalnofz/procesor/clkdistrib.vhd" sub00/vhpl00 1518209371
EN shifter NULL "C:/Users/Fatih Zukorlic/Desktop/finalnofz/procesor/shifter.vhd" sub00/vhpl16 1518209387
AR mseq behavioral "C:/Users/Fatih Zukorlic/Desktop/finalnofz/procesor/mseq.vhd" sub00/vhpl09 1518209380
EN testbench_vhd NULL "C:/Users/Fatih Zukorlic/Desktop/finalnofz/procesor/testbench.vhd" sub00/vhpl26 1518209575
EN vanjskamem NULL "C:/Users/Fatih Zukorlic/Desktop/finalnofz/procesor/vanjskamem.vhd" sub00/vhpl22 1518209393
EN amux NULL "C:/Users/Fatih Zukorlic/Desktop/finalnofz/procesor/amux.vhd" sub00/vhpl12 1518209383
AR mikinstrukcija behavioral "C:/Users/Fatih Zukorlic/Desktop/finalnofz/procesor/mikinstrukcija.vhd" sub00/vhpl03 1518209374
EN upravljackamem NULL "C:/Users/Fatih Zukorlic/Desktop/finalnofz/procesor/upravljackamem.vhd" sub00/vhpl04 1518209375
EN mseq NULL "C:/Users/Fatih Zukorlic/Desktop/finalnofz/procesor/mseq.vhd" sub00/vhpl08 1518209379
AR mbr behavioral "C:/Users/Fatih Zukorlic/Desktop/finalnofz/procesor/mbr.vhd" sub00/vhpl21 1518209392
AR testbench_vhd behavior "C:/Users/Fatih Zukorlic/Desktop/finalnofz/procesor/testbench.vhd" sub00/vhpl27 1518209576
AR upravljackamem behavioral "C:/Users/Fatih Zukorlic/Desktop/finalnofz/procesor/upravljackamem.vhd" sub00/vhpl05 1518209376
AR registri behavioral "C:/Users/Fatih Zukorlic/Desktop/finalnofz/procesor/registri.vhd" sub00/vhpl11 1518209382
EN registri NULL "C:/Users/Fatih Zukorlic/Desktop/finalnofz/procesor/registri.vhd" sub00/vhpl10 1518209381
EN alu NULL "C:/Users/Fatih Zukorlic/Desktop/finalnofz/procesor/alu.vhd" sub00/vhpl14 1518209385
EN mikinstrukcija NULL "C:/Users/Fatih Zukorlic/Desktop/finalnofz/procesor/mikinstrukcija.vhd" sub00/vhpl02 1518209373
