AR wait_memwb behavioral C:/Users/fatih/Desktop/faks/ra/mips/wait_memwb.vhd sub00/vhpl41 1529855863
AR wait_ifid_idex behavioral C:/Users/fatih/Desktop/faks/ra/mips/wait_ifid_idex.vhd sub00/vhpl31 1529855865
AR test_bench_vhd behavior C:/Users/fatih/Desktop/faks/ra/mips/test_bench.vhd sub00/vhpl37 1529855036
AR preg_ifid behavioral C:/Users/fatih/Desktop/faks/ra/mips/preg_ifid.vhd sub00/vhpl09 1529855839
EN mux_pc NULL C:/Users/fatih/Desktop/faks/ra/mips/mux_pc.vhd sub00/vhpl06 1529855836
AR glavna_komponenta behavioral C:/Users/fatih/Desktop/faks/ra/mips/glavna_komponenta.vhd sub00/vhpl35 1529855869
EN mux_a NULL C:/Users/fatih/Desktop/faks/ra/mips/mux_a.vhd sub00/vhpl16 1529855846
EN mux_b NULL C:/Users/fatih/Desktop/faks/ra/mips/mux_b.vhd sub00/vhpl18 1529855848
EN glavna_komponenta NULL C:/Users/fatih/Desktop/faks/ra/mips/glavna_komponenta.vhd sub00/vhpl34 1529855868
EN increment NULL C:/Users/fatih/Desktop/faks/ra/mips/increment.vhd sub00/vhpl04 1529855834
EN wait_ifid_idex NULL C:/Users/fatih/Desktop/faks/ra/mips/wait_ifid_idex.vhd sub00/vhpl30 1529855864
AR wait_exmem_memwb behavioral C:/Users/fatih/Desktop/faks/ra/mips/wait_exmem_memwb.vhd sub00/vhpl33 1529855867
AR mux_mem_data_in behavioral C:/Users/fatih/Desktop/faks/ra/mips/mux_mem_data_in.vhd sub00/vhpl39 1529855851
AR preg_idex behavioral C:/Users/fatih/Desktop/faks/ra/mips/preg_idex.vhd sub00/vhpl15 1529855845
EN mux_wb NULL C:/Users/fatih/Desktop/faks/ra/mips/mux_wb.vhd sub00/vhpl28 1529855860
EN test_bench_vhd NULL C:/Users/fatih/Desktop/faks/ra/mips/test_bench.vhd sub00/vhpl36 1529855035
AR mux_a behavioral C:/Users/fatih/Desktop/faks/ra/mips/mux_a.vhd sub00/vhpl17 1529855847
EN pc NULL C:/Users/fatih/Desktop/faks/ra/mips/pc.vhd sub00/vhpl00 1529855830
AR vanjska_mem_instr behavioral C:/Users/fatih/Desktop/faks/ra/mips/vanjska_mem_instr.vhd sub00/vhpl03 1529855833
AR mux_wb behavioral C:/Users/fatih/Desktop/faks/ra/mips/mux_wb.vhd sub00/vhpl29 1529855861
AR vanjska_mem_podaci behavioral C:/Users/fatih/Desktop/faks/ra/mips/vanjska_mem_podaci.vhd sub00/vhpl25 1529855857
AR mux_pc behavioral C:/Users/fatih/Desktop/faks/ra/mips/mux_pc.vhd sub00/vhpl07 1529855837
AR sign_extend behavioral C:/Users/fatih/Desktop/faks/ra/mips/sign_extend.vhd sub00/vhpl13 1529855843
AR preg_exmem behavioral C:/Users/fatih/Desktop/faks/ra/mips/preg_exmem.vhd sub00/vhpl23 1529855855
EN wait_memwb NULL C:/Users/fatih/Desktop/faks/ra/mips/wait_memwb.vhd sub00/vhpl40 1529855862
EN preg_exmem NULL C:/Users/fatih/Desktop/faks/ra/mips/preg_exmem.vhd sub00/vhpl22 1529855854
AR increment behavioral C:/Users/fatih/Desktop/faks/ra/mips/increment.vhd sub00/vhpl05 1529855835
EN preg_memwb NULL C:/Users/fatih/Desktop/faks/ra/mips/preg_memwb.vhd sub00/vhpl26 1529855858
EN vanjska_mem_podaci NULL C:/Users/fatih/Desktop/faks/ra/mips/vanjska_mem_podaci.vhd sub00/vhpl24 1529855856
EN preg_idex NULL C:/Users/fatih/Desktop/faks/ra/mips/preg_idex.vhd sub00/vhpl14 1529855844
EN sign_extend NULL C:/Users/fatih/Desktop/faks/ra/mips/sign_extend.vhd sub00/vhpl12 1529855842
EN mux_mem_data_in NULL C:/Users/fatih/Desktop/faks/ra/mips/mux_mem_data_in.vhd sub00/vhpl38 1529855850
AR preg_memwb behavioral C:/Users/fatih/Desktop/faks/ra/mips/preg_memwb.vhd sub00/vhpl27 1529855859
AR mux_b behavioral C:/Users/fatih/Desktop/faks/ra/mips/mux_b.vhd sub00/vhpl19 1529855849
EN vanjska_mem_instr NULL C:/Users/fatih/Desktop/faks/ra/mips/vanjska_mem_instr.vhd sub00/vhpl02 1529855832
EN wait_exmem_memwb NULL C:/Users/fatih/Desktop/faks/ra/mips/wait_exmem_memwb.vhd sub00/vhpl32 1529855866
AR registri behavioral C:/Users/fatih/Desktop/faks/ra/mips/registri.vhd sub00/vhpl11 1529855841
AR alu behave C:/Users/fatih/Desktop/faks/ra/mips/alu.vhd sub00/vhpl21 1529855853
AR pc behavioral C:/Users/fatih/Desktop/faks/ra/mips/pc.vhd sub00/vhpl01 1529855831
EN registri NULL C:/Users/fatih/Desktop/faks/ra/mips/registri.vhd sub00/vhpl10 1529855840
EN preg_ifid NULL C:/Users/fatih/Desktop/faks/ra/mips/preg_ifid.vhd sub00/vhpl08 1529855838
EN alu NULL C:/Users/fatih/Desktop/faks/ra/mips/alu.vhd sub00/vhpl20 1529855852
